../Core/Libs/ssd1306.c:56:6:SSD1306_DrawBitmap	32	static
../Core/Libs/ssd1306.c:93:9:SSD1306_Init	8	static
../Core/Libs/ssd1306.c:179:9:SSD1306_DeInit	8	static
../Core/Libs/ssd1306.c:211:6:SSD1306_Reset	8	static
../Core/Libs/ssd1306.c:221:6:SSD1306_Switch	8	static
../Core/Libs/ssd1306.c:237:9:SSD1306_UpdateScreen	8	static
../Core/Libs/ssd1306.c:247:6:SSD1306_ToggleInvert	16	static
../Core/Libs/ssd1306.c:266:6:SSD1306_Fill	16	static
../Core/Libs/ssd1306.c:277:6:SSD1306_Fill_ToRight	24	static
../Core/Libs/ssd1306.c:290:6:SSD1306_Fill_ToLeft	24	static
../Core/Libs/ssd1306.c:305:6:SSD1306_DrawPixel	16	static
../Core/Libs/ssd1306.c:335:6:SSD1306_GotoXY	16	static
../Core/Libs/ssd1306.c:350:6:SSD1306_Putc	32	static
../Core/Libs/ssd1306.c:387:6:SSD1306_Puts	24	static
../Core/Libs/ssd1306.c:407:6:SSD1306_DrawLine	40	static
../Core/Libs/ssd1306.c:517:6:SSD1306_DrawRectangle	32	static
../Core/Libs/ssd1306.c:552:6:SSD1306_DrawFilledRectangle	40	static
../Core/Libs/ssd1306.c:592:6:SSD1306_DrawTriangle	32	static
../Core/Libs/ssd1306.c:611:6:SSD1306_DrawFilledTriangle	64	static
../Core/Libs/ssd1306.c:687:6:SSD1306_DrawCircle	40	static
../Core/Libs/ssd1306.c:732:6:SSD1306_DrawFilledCircle	48	static
../Core/Libs/ssd1306.c:770:6:SSD1306_Clear	8	static
../Core/Libs/ssd1306.c:789:6:ssd1306_SPI_WriteCmd	16	static
../Core/Libs/ssd1306.c:799:9:ssd1306_SPI_WriteDisp	24	static
../Core/Libs/ssd1306.c:822:6:SSD1306_InvertDisplay	16	static
../Core/Libs/ssd1306.c:840:6:SSD1306_ScrollRight	16	static
../Core/Libs/ssd1306.c:854:6:SSD1306_ScrollLeft	16	static
../Core/Libs/ssd1306.c:868:6:SSD1306_Scrolldiagright	16	static
../Core/Libs/ssd1306.c:885:6:SSD1306_Scrolldiagleft	16	static
../Core/Libs/ssd1306.c:902:6:SSD1306_Stopscroll	8	static
